Microchip MPLAB XC8 Compiler V1.37 ()

Linker command line:

-W-3 --edf=C:\Program Files (x86)\Microchip\xc8\v1.37\dat\en_msgs.txt -cs \
  -h+dist/default/production\InchNode.X.production.sym \
  --cmf=dist/default/production\InchNode.X.production.cmf -z -Q12F1840 \
  -oC:\Users\Thinkpad\AppData\Local\Temp\sgj0.2 \
  -Mdist/default/production/InchNode.X.production.map -E1 -ver=XC8 \
  -ASTACK=0204Bh-0204fh -pstack=STACK -ACODE=00h-07FFhx2 \
  -ASTRCODE=00h-0FFFh -ASTRING=00h-0FFhx16 -ACONST=00h-0FFhx16 \
  -AENTRY=00h-0FFhx16 -ACOMMON=070h-07Fh -ABANK0=020h-06Fh \
  -ABANK1=0A0h-0EFh -ABANK2=0120h-016Fh -ABIGRAM=02000h-020EFh \
  -ARAM=020h-06Fh,0A0h-0EFh,0120h-016Fh \
  -AABS1=020h-07Fh,0A0h-0EFh,0120h-016Fh -ASFR0=00h-01Fh -ASFR1=080h-09Fh \
  -ASFR2=0100h-011Fh -ASFR3=0180h-01EFh -ASFR4=0200h-026Fh \
  -ASFR5=0280h-02EFh -ASFR6=0300h-036Fh -ASFR7=0380h-03EFh \
  -ASFR8=0400h-046Fh -ASFR9=0480h-04EFh -ASFR10=0500h-056Fh \
  -ASFR11=0580h-05EFh -ASFR12=0600h-066Fh -ASFR13=0680h-06EFh \
  -ASFR14=0700h-076Fh -ASFR15=0780h-07EFh -ASFR16=0800h-086Fh \
  -ASFR17=0880h-08EFh -ASFR18=0900h-096Fh -ASFR19=0980h-09EFh \
  -ASFR20=0A00h-0A6Fh -ASFR21=0A80h-0AEFh -ASFR22=0B00h-0B6Fh \
  -ASFR23=0B80h-0BEFh -ASFR24=0C00h-0C6Fh -ASFR25=0C80h-0CEFh \
  -ASFR26=0D00h-0D6Fh -ASFR27=0D80h-0DEFh -ASFR28=0E00h-0E6Fh \
  -ASFR29=0E80h-0EEFh -ASFR30=0F00h-0F6Fh -ASFR31=0F80h-0FEFh \
  -preset_vec=00h,intentry=04h,init,end_init -ppowerup=CODE -pcinit=CODE \
  -pfunctab=CODE -ACONFIG=08007h-08008h -pconfig=CONFIG -DCONFIG=2 \
  -AIDLOC=08000h-08003h -pidloc=IDLOC -DIDLOC=2 -AEEDATA=00h-0FFh/0F000h \
  -peeprom_data=EEDATA -DEEDATA=2 -DCODE=2 -DSTRCODE=2 -DSTRING=2 -DCONST=2 \
  -DENTRY=2 -k C:\Users\Thinkpad\AppData\Local\Temp\sgj0.obj \
  dist/default/production\InchNode.X.production.obj 

Object code version is 3.11

Machine type is 12F1840



                Name                               Link     Load   Length Selector   Space Scale
C:\Users\Thinkpad\AppData\Local\Temp\sgj0.obj
                end_init                             25       25        2        8       0
                reset_vec                             0        0        2        0       0
                config                             8007     8007        2    1000E       0
dist/default/production\InchNode.X.production.obj
                intentry                              4        4       21        8       0
                text55                              278      278       16      4C4       0
                text54                              262      262       16      4C4       0
                text53                              2AC      2AC        1      4C4       0
                text52                              29C      29C        A      4C4       0
                text51                              28E      28E        E      4C4       0
                text47                              801      801      7FF     1002       0
                text2                                27       27      1A8        8       0
                cstackBANK0                          4A       4A       1D       20       1
                cstackCOMMON                         70       70        E       70       1
                clrtext                             2A6      2A6        6      4C4       0
                bssBANK2                            120      120       4C      120       1
                bssBANK1                             A0       A0       50       A0       1
                bssBANK0                             20       20       2A       20       1
                nvBANK0                              67       67        4       20       1
                stringtext                          1CF      1CF       93      39E       0

TOTAL           Name                               Link     Load   Length     Space
        CLASS   STACK          

        CLASS   CODE           
                end_init                             25       25        2         0
                intentry                              4        4       21         0
                reset_vec                             0        0        2         0
                text55                              278      278       16         0
                text54                              262      262       16         0
                text53                              2AC      2AC        1         0
                text52                              29C      29C        A         0
                text51                              28E      28E        E         0
                text47                              801      801      7FF         0
                text2                                27       27      1A8         0
                clrtext                             2A6      2A6        6         0

        CLASS   STRCODE        
                stringtext                          1CF      1CF       93         0

        CLASS   STRING         

        CLASS   CONST          

        CLASS   ENTRY          

        CLASS   COMMON         
                cstackCOMMON                         70       70        E         1

        CLASS   BANK0          
                cstackBANK0                          4A       4A       1D         1
                bssBANK0                             20       20       2A         1
                nvBANK0                              67       67        4         1

        CLASS   BANK1          
                bssBANK1                             A0       A0       50         1

        CLASS   BANK2          
                bssBANK2                            120      120       4C         1

        CLASS   BIGRAM         

        CLASS   RAM            

        CLASS   ABS1           
                abs_s1                               7E       7E        2         1

        CLASS   SFR0           

        CLASS   SFR1           

        CLASS   SFR2           

        CLASS   SFR3           

        CLASS   SFR4           

        CLASS   SFR5           

        CLASS   SFR6           

        CLASS   SFR7           

        CLASS   SFR8           

        CLASS   SFR9           

        CLASS   SFR10          

        CLASS   SFR11          

        CLASS   SFR12          

        CLASS   SFR13          

        CLASS   SFR14          

        CLASS   SFR15          

        CLASS   SFR16          

        CLASS   SFR17          

        CLASS   SFR18          

        CLASS   SFR19          

        CLASS   SFR20          

        CLASS   SFR21          

        CLASS   SFR22          

        CLASS   SFR23          

        CLASS   SFR24          

        CLASS   SFR25          

        CLASS   SFR26          

        CLASS   SFR27          

        CLASS   SFR28          

        CLASS   SFR29          

        CLASS   SFR30          

        CLASS   SFR31          

        CLASS   CONFIG         
                config                             8007     8007        2         0

        CLASS   IDLOC          

        CLASS   EEDATA         

        CLASS   BANK31         

        CLASS   BANK30         

        CLASS   BANK29         

        CLASS   BANK28         

        CLASS   BANK27         

        CLASS   BANK26         

        CLASS   BANK25         

        CLASS   BANK24         

        CLASS   BANK23         

        CLASS   BANK22         

        CLASS   BANK21         

        CLASS   BANK20         

        CLASS   BANK19         

        CLASS   BANK18         

        CLASS   BANK17         

        CLASS   BANK16         

        CLASS   BANK15         

        CLASS   BANK14         

        CLASS   BANK13         

        CLASS   BANK12         

        CLASS   BANK11         

        CLASS   BANK10         

        CLASS   BANK9          

        CLASS   BANK8          

        CLASS   BANK7          

        CLASS   BANK6          

        CLASS   BANK5          

        CLASS   BANK4          

        CLASS   BANK3          



SEGMENTS        Name                           Load    Length   Top    Selector   Space  Class     Delta

                reset_vec                      000000  000002  000002         0       0  CODE        2
                intentry                       000004  0001CB  0001CF         8       0  CODE        2
                bssBANK0                       000020  00004B  00006B        20       1  BANK0       1
                cstackCOMMON                   000070  00000E  00007E        70       1  COMMON      1
                bssBANK1                       0000A0  000050  0000F0        A0       1  BANK1       1
                bssBANK2                       000120  00004C  00016C       120       1  BANK2       1
                stringtext                     0001CF  000093  000262       39E       0  STRCODE     2
                text54                         000262  00004B  0002AD       4C4       0  CODE        2
                text47                         000801  0007FF  001000      1002       0  CODE        2
                config                         008007  000002  008009     1000E       0  CONFIG      2


UNUSED ADDRESS RANGES

        Name                Unused          Largest block    Delta
        BANK0            0006B-0006F               5           1
        BANK2            0016C-0016F               4           1
        BIGRAM           02000-020EF              F0           1
        CODE             00002-00003               2           2
                         002AD-00800             553
        CONST            00002-00003               2           2
                         002AD-00800             100
        EEDATA           0F000-0F0FF             100           2
        ENTRY            00002-00003               2           2
                         002AD-00800             100
        IDLOC            08000-08003               4           2
        RAM              0006B-0006F               5           1
                         0016C-0016F               4
        SFR0             00000-0001F              20           1
        SFR1             00080-0009F              20           1
        SFR10            00500-0056F              70           1
        SFR11            00580-005EF              70           1
        SFR12            00600-0066F              70           1
        SFR13            00680-006EF              70           1
        SFR14            00700-0076F              70           1
        SFR15            00780-007EF              70           1
        SFR16            00800-0086F              70           1
        SFR17            00880-008EF              70           1
        SFR18            00900-0096F              70           1
        SFR19            00980-009EF              70           1
        SFR2             00100-0011F              20           1
        SFR20            00A00-00A6F              70           1
        SFR21            00A80-00AEF              70           1
        SFR22            00B00-00B6F              70           1
        SFR23            00B80-00BEF              70           1
        SFR24            00C00-00C6F              70           1
        SFR25            00C80-00CEF              70           1
        SFR26            00D00-00D6F              70           1
        SFR27            00D80-00DEF              70           1
        SFR28            00E00-00E6F              70           1
        SFR29            00E80-00EEF              70           1
        SFR3             00180-001EF              70           1
        SFR30            00F00-00F6F              70           1
        SFR31            00F80-00FEF              70           1
        SFR4             00200-0026F              70           1
        SFR5             00280-002EF              70           1
        SFR6             00300-0036F              70           1
        SFR7             00380-003EF              70           1
        SFR8             00400-0046F              70           1
        SFR9             00480-004EF              70           1
        STACK            0204B-0204F               5           1
        STRCODE          00002-00003               2           2
                         002AD-00800             554
        STRING           00002-00003               2           2
                         002AD-00800             100

                                  Symbol Table

?_Cali                                    cstackCOMMON 0007C
?_ChangeADS1115ValueToResitor             cstackCOMMON 0007C
?_IsCharOne                               cstackCOMMON 00070
?_LinearLookUpTab                         cstackBANK0  00057
?_ReceiveFromRom                          cstackCOMMON 00074
?_SendToRom                               cstackCOMMON 00074
?___aldiv                                 cstackBANK0  0004A
?___lldiv                                 cstackBANK0  0004A
?___lmul                                  cstackCOMMON 00070
?___lwdiv                                 cstackCOMMON 00070
?___lwmod                                 cstackCOMMON 00077
?___wmul                                  cstackCOMMON 00070
?_printf                                  cstackBANK0  0004A
?_readADC_Differential_0_1_part2          cstackBANK0  0004E
?_readRegister                            cstackCOMMON 0007A
Cali@InData                               cstackCOMMON 0007C
CaliTabSendProcess@i                      cstackBANK0  00066
ChangeADS1115ValueToResitor@ADC_value     cstackCOMMON 0007C
ChangeADS1115ValueToResitor@tmp           cstackBANK0  0005B
ConstructCaliTab@i                        cstackBANK0  00064
ConstructCaliTab@j                        cstackBANK0  00065
EEpromBuffeWirte@NumByteToWrite           cstackCOMMON 00073
EEpromBuffeWirte@WriteAddr                cstackCOMMON 00072
EEpromBuffeWirte@i                        cstackCOMMON 00078
EEpromBuffeWirte@pBuffer                  cstackCOMMON 00077
EEpromBufferRead@NumByteToRead            cstackCOMMON 00072
EEpromBufferRead@ReadAddr                 cstackCOMMON 00071
EEpromBufferRead@i                        cstackCOMMON 00077
EEpromBufferRead@pBuffer                  cstackCOMMON 00076
EUSART_Read@readValue                     cstackCOMMON 00070
EUSART_Write@txData                       cstackCOMMON 00070
EraseCaliDatabase@i                       cstackCOMMON 00072
IsCharOne@retcode                         cstackCOMMON 00072
LinearLookUpTab@Tab                       cstackBANK0  00064
LinearLookUpTab@TabSiz                    cstackBANK0  00057
LinearLookUpTab@i                         cstackBANK0  00063
LinearLookUpTab@ret                       cstackBANK0  0005F
LinearLookUpTab@val                       cstackBANK0  00058
PL10                                      text47       00F27
PL12                                      text47       00F34
PL14                                      text47       00F40
PL16                                      text47       00F46
PL18                                      text47       00F4C
PL2                                       text47       00EFA
PL20                                      text47       00F58
PL22                                      text47       00F5E
PL24                                      text47       00F63
PL26                                      text47       00F68
PL28                                      text47       00F71
PL30                                      text47       00F76
PL32                                      text47       00F7C
PL34                                      text47       00F84
PL36                                      text47       00F8A
PL38                                      text47       00F90
PL4                                       text47       00F06
PL40                                      text2        001C3
PL42                                      text47       00F97
PL44                                      text2        001C9
PL46                                      text47       00F9D
PL6                                       text47       00F0F
PL8                                       text47       00F19
ReceiveFromRom@count                      cstackCOMMON 00078
ReceiveFromRom@m                          cstackCOMMON 00076
SendDataToMainBoardProcess@SendCount      bssBANK0     0003C
SendToRom@count                           cstackCOMMON 00078
SendToRom@data                            cstackCOMMON 00074
SendToRom@retcode                         cstackCOMMON 00076
TMR0_SetInterruptHandler@InterruptHandler cstackCOMMON 00070
UartSend@SendNum                          cstackCOMMON 00070
Update2CaliDatabase@ActualValue           cstackBANK0  0004C
Update2CaliDatabase@OriginalValue         cstackBANK0  00056
Update2CaliDatabase@i                     cstackBANK0  00059
Update2CaliDatabase@j                     cstackBANK0  0005B
Update2CaliDatabase@k                     cstackBANK0  00058
Update2CaliDatabase@m                     cstackBANK0  0005A
Update2CaliDatabase@ori_val               cstackBANK0  0004A
Update2CaliDatabase@tmp                   cstackBANK0  00052
UpdateCaliBuf@i                           cstackCOMMON 0007C
UpdateCaliBuf@tmp1                        cstackCOMMON 00078
_ADCDelayCnt                              bssBANK0     00028
_ADCProcess                               text47       008F1
_ADCStep                                  bssBANK0     0003D
_ADC_Value                                bssBANK0     0002A
_ADLinearVal                              bssBANK0     0002C
_ANSELA                                   (abs)        0018C
_APFCON                                   (abs)        0011D
_ActualLength                             bssBANK0     0002E
_BAUDCON                                  (abs)        0019F
_BaseTimeTickISR                          text52       0029C
_CARRY                                    (abs)        00018
_Cali                                     text47       00942
_CaliBuf                                  bssBANK1     000A0
_CaliTab                                  bssBANK2     00128
_CaliTabSendFlag                          bssBANK0     0003E
_CaliTabSendProcess                       text47       00B31
_CaliTabSendProcess$1116                  cstackBANK0  00062
_CaliTabSendProcess$1117                  cstackBANK0  00064
_CaliTabSize                              bssBANK0     0003F
_CalibratingFlag                          bssBANK0     00040
_ChangeADS1115ValueToResitor              text47       0099A
_ConstructCaliTab                         text2        00094
_EEADR                                    (abs)        00191
_EECON1                                   (abs)        00195
_EECON2                                   (abs)        00196
_EEDATA                                   (abs)        00193
_EEpromBuffeWirte                         text47       00B05
_EEpromBufferRead                         text47       00C90
_EUSART_Initialize                        text47       00FD4
_EUSART_Read                              text2        0007D
_EUSART_Receive_ISR                       text55       00278
_EUSART_Transmit_ISR                      text54       00262
_EUSART_Write                             text47       00FA3
_EraseCaliDatabase                        text47       00B1F
_GIE                                      (abs)        0005F
_IIC_Delay                                text47       00E30
_IIC_Delay_Half                           text47       00E54
_INTCONbits                               (abs)        0000B
_INTERRUPT_InterruptManager               intentry     00004
_IsCharOne                                text47       00E57
_LATA                                     (abs)        0010C
_LATAbits                                 (abs)        0010C
_LedTimerCnt                              bssBANK0     00030
_Length                                   bssBANK0     00032
_LinearLookUpTab                          text47       00801
_OPTION_REG                               (abs)        00095
_OPTION_REGbits                           (abs)        00095
_OSCCON                                   (abs)        00099
_OSCILLATOR_Initialize                    text47       00E78
_OSCTUNE                                  (abs)        00098
_PIE1bits                                 (abs)        00091
_PIN_MANAGER_Initialize                   text47       00E7D
_PIR1bits                                 (abs)        00011
_PORTAbits                                (abs)        0000C
_RCREG                                    (abs)        00199
_RCSTA                                    (abs)        0019D
_RCSTAbits                                (abs)        0019D
_RD                                       (abs)        00CA8
_ReceiveFromRom                           text47       00D3D
_SPBRGH                                   (abs)        0019C
_SPBRGL                                   (abs)        0019B
_SYSTEM_Initialize                        text47       00E6F
_SendDataToMainBoardProcess               text47       00E90
_SendDataToMainBoardStep                  bssBANK0     00041
_SendTmr                                  bssBANK0     00034
_SendToRom                                text47       00DF9
_StartRom                                 text47       00E42
_StopRom                                  text47       00E33
_TMR0                                     (abs)        00015
_TMR0_DefaultInterruptHandler             text53       002AC
_TMR0_ISR                                 text51       0028E
_TMR0_Initialize                          text47       00FEC
_TMR0_InterruptHandler                    nvBANK0      00067
_TMR0_SetInterruptHandler                 text47       00B2B
_TRISA                                    (abs)        0008C
_TRISAbits                                (abs)        0008C
_TXREG                                    (abs)        0019A
_TXSTA                                    (abs)        0019E
_UartByteToBeSendCnt                      bssBANK0     00042
_UartDriverRecBufferClr                   text2        00076
_UartRecBuf                               bssBANK0     00020
_UartRecCnt                               bssBANK0     00043
_UartRecProcess                           text2        00027
_UartSend                                 text47       00FFB
_UartSendBuf                              bssBANK1     000E0
_UartSendCnt                              bssBANK0     00044
_UartSendProcess                          text47       00EE0
_Update2CaliDatabase                      text47       00A2C
_UpdateCaliBuf                            text47       00C6F
_WDTCON                                   (abs)        00097
_WDT_Initialize                           text47       00E8D
_WPUA                                     (abs)        0020C
_WR                                       (abs)        00CA9
_WREN                                     (abs)        00CAA
__CFG_BOREN$ON                            (abs)        00000
__CFG_BORV$LO                             (abs)        00000
__CFG_CLKOUTEN$OFF                        (abs)        00000
__CFG_CP$OFF                              (abs)        00000
__CFG_CPD$OFF                             (abs)        00000
__CFG_FCMEN$ON                            (abs)        00000
__CFG_FOSC$INTOSC                         (abs)        00000
__CFG_IESO$ON                             (abs)        00000
__CFG_LVP$OFF                             (abs)        00000
__CFG_MCLRE$OFF                           (abs)        00000
__CFG_PLLEN$OFF                           (abs)        00000
__CFG_PWRTE$OFF                           (abs)        00000
__CFG_STVREN$ON                           (abs)        00000
__CFG_WDTE$OFF                            (abs)        00000
__CFG_WRT$OFF                             (abs)        00000
__Habs1                                   abs1         00000
__Hbank0                                  bank0        00000
__Hbank1                                  bank1        00000
__Hbank10                                 bank10       00000
__Hbank11                                 bank11       00000
__Hbank12                                 bank12       00000
__Hbank13                                 bank13       00000
__Hbank14                                 bank14       00000
__Hbank15                                 bank15       00000
__Hbank16                                 bank16       00000
__Hbank17                                 bank17       00000
__Hbank18                                 bank18       00000
__Hbank19                                 bank19       00000
__Hbank2                                  bank2        00000
__Hbank20                                 bank20       00000
__Hbank21                                 bank21       00000
__Hbank22                                 bank22       00000
__Hbank23                                 bank23       00000
__Hbank24                                 bank24       00000
__Hbank25                                 bank25       00000
__Hbank26                                 bank26       00000
__Hbank27                                 bank27       00000
__Hbank28                                 bank28       00000
__Hbank29                                 bank29       00000
__Hbank3                                  bank3        00000
__Hbank30                                 bank30       00000
__Hbank31                                 bank31       00000
__Hbank4                                  bank4        00000
__Hbank5                                  bank5        00000
__Hbank6                                  bank6        00000
__Hbank7                                  bank7        00000
__Hbank8                                  bank8        00000
__Hbank9                                  bank9        00000
__Hbigram                                 bigram       00000
__HbssBANK0                               bssBANK0     00000
__HbssBANK1                               bssBANK1     00000
__HbssBANK2                               bssBANK2     00000
__Hcinit                                  cinit        00000
__Hclrtext                                clrtext      00000
__Hcode                                   code         00000
__Hcommon                                 common       00000
__Hconfig                                 config       08009
__HcstackBANK0                            cstackBANK0  00000
__HcstackCOMMON                           cstackCOMMON 00000
__Heeprom_data                            eeprom_data  00000
__Hend_init                               end_init     00027
__Hfunctab                                functab      00000
__Hidloc                                  idloc        00000
__Hinit                                   init         00025
__Hintentry                               intentry     00025
__Hmaintext                               maintext     00000
__HnvBANK0                                nvBANK0      00000
__Hpa_nodes                               pa_nodes     00000
__Hpowerup                                powerup      00000
__Hram                                    ram          00000
__Hreset_vec                              reset_vec    00002
__Hsfr0                                   sfr0         00000
__Hsfr1                                   sfr1         00000
__Hsfr10                                  sfr10        00000
__Hsfr11                                  sfr11        00000
__Hsfr12                                  sfr12        00000
__Hsfr13                                  sfr13        00000
__Hsfr14                                  sfr14        00000
__Hsfr15                                  sfr15        00000
__Hsfr16                                  sfr16        00000
__Hsfr17                                  sfr17        00000
__Hsfr18                                  sfr18        00000
__Hsfr19                                  sfr19        00000
__Hsfr2                                   sfr2         00000
__Hsfr20                                  sfr20        00000
__Hsfr21                                  sfr21        00000
__Hsfr22                                  sfr22        00000
__Hsfr23                                  sfr23        00000
__Hsfr24                                  sfr24        00000
__Hsfr25                                  sfr25        00000
__Hsfr26                                  sfr26        00000
__Hsfr27                                  sfr27        00000
__Hsfr28                                  sfr28        00000
__Hsfr29                                  sfr29        00000
__Hsfr3                                   sfr3         00000
__Hsfr30                                  sfr30        00000
__Hsfr31                                  sfr31        00000
__Hsfr4                                   sfr4         00000
__Hsfr5                                   sfr5         00000
__Hsfr6                                   sfr6         00000
__Hsfr7                                   sfr7         00000
__Hsfr8                                   sfr8         00000
__Hsfr9                                   sfr9         00000
__Hspace_0                                (abs)        08009
__Hspace_1                                (abs)        0016C
__Hspace_2                                (abs)        00000
__Hspace_3                                (abs)        00000
__Hstack                                  stack        00000
__Hstrings                                strings      00000
__Hstringtext                             stringtext   00000
__Htext                                   text         00000
__Labs1                                   abs1         00000
__Lbank0                                  bank0        00000
__Lbank1                                  bank1        00000
__Lbank10                                 bank10       00000
__Lbank11                                 bank11       00000
__Lbank12                                 bank12       00000
__Lbank13                                 bank13       00000
__Lbank14                                 bank14       00000
__Lbank15                                 bank15       00000
__Lbank16                                 bank16       00000
__Lbank17                                 bank17       00000
__Lbank18                                 bank18       00000
__Lbank19                                 bank19       00000
__Lbank2                                  bank2        00000
__Lbank20                                 bank20       00000
__Lbank21                                 bank21       00000
__Lbank22                                 bank22       00000
__Lbank23                                 bank23       00000
__Lbank24                                 bank24       00000
__Lbank25                                 bank25       00000
__Lbank26                                 bank26       00000
__Lbank27                                 bank27       00000
__Lbank28                                 bank28       00000
__Lbank29                                 bank29       00000
__Lbank3                                  bank3        00000
__Lbank30                                 bank30       00000
__Lbank31                                 bank31       00000
__Lbank4                                  bank4        00000
__Lbank5                                  bank5        00000
__Lbank6                                  bank6        00000
__Lbank7                                  bank7        00000
__Lbank8                                  bank8        00000
__Lbank9                                  bank9        00000
__Lbigram                                 bigram       00000
__LbssBANK0                               bssBANK0     00000
__LbssBANK1                               bssBANK1     00000
__LbssBANK2                               bssBANK2     00000
__Lcinit                                  cinit        00000
__Lclrtext                                clrtext      00000
__Lcode                                   code         00000
__Lcommon                                 common       00000
__Lconfig                                 config       08007
__LcstackBANK0                            cstackBANK0  00000
__LcstackCOMMON                           cstackCOMMON 00000
__Leeprom_data                            eeprom_data  00000
__Lend_init                               end_init     00025
__Lfunctab                                functab      00000
__Lidloc                                  idloc        00000
__Linit                                   init         00025
__Lintentry                               intentry     00004
__Lmaintext                               maintext     00000
__LnvBANK0                                nvBANK0      00000
__Lpa_nodes                               pa_nodes     00000
__Lpowerup                                powerup      00000
__Lram                                    ram          00000
__Lreset_vec                              reset_vec    00000
__Lsfr0                                   sfr0         00000
__Lsfr1                                   sfr1         00000
__Lsfr10                                  sfr10        00000
__Lsfr11                                  sfr11        00000
__Lsfr12                                  sfr12        00000
__Lsfr13                                  sfr13        00000
__Lsfr14                                  sfr14        00000
__Lsfr15                                  sfr15        00000
__Lsfr16                                  sfr16        00000
__Lsfr17                                  sfr17        00000
__Lsfr18                                  sfr18        00000
__Lsfr19                                  sfr19        00000
__Lsfr2                                   sfr2         00000
__Lsfr20                                  sfr20        00000
__Lsfr21                                  sfr21        00000
__Lsfr22                                  sfr22        00000
__Lsfr23                                  sfr23        00000
__Lsfr24                                  sfr24        00000
__Lsfr25                                  sfr25        00000
__Lsfr26                                  sfr26        00000
__Lsfr27                                  sfr27        00000
__Lsfr28                                  sfr28        00000
__Lsfr29                                  sfr29        00000
__Lsfr3                                   sfr3         00000
__Lsfr30                                  sfr30        00000
__Lsfr31                                  sfr31        00000
__Lsfr4                                   sfr4         00000
__Lsfr5                                   sfr5         00000
__Lsfr6                                   sfr6         00000
__Lsfr7                                   sfr7         00000
__Lsfr8                                   sfr8         00000
__Lsfr9                                   sfr9         00000
__Lspace_0                                (abs)        00000
__Lspace_1                                (abs)        00000
__Lspace_2                                (abs)        00000
__Lspace_3                                (abs)        00000
__Lstack                                  stack        00000
__Lstrings                                strings      00000
__Lstringtext                             stringtext   00000
__Ltext                                   text         00000
__S0                                      (abs)        08009
__S1                                      (abs)        0016C
__S2                                      (abs)        00000
__S3                                      (abs)        00000
___aldiv                                  text2        00157
___aldiv@counter                          cstackBANK0  00052
___aldiv@dividend                         cstackBANK0  0004E
___aldiv@divisor                          cstackBANK0  0004A
___aldiv@quotient                         cstackBANK0  00054
___aldiv@sign                             cstackBANK0  00053
___int_sp                                 stack        00000
___latbits                                (abs)        00001
___lldiv                                  text47       009ED
___lldiv@counter                          cstackBANK0  00056
___lldiv@dividend                         cstackBANK0  0004E
___lldiv@divisor                          cstackBANK0  0004A
___lldiv@quotient                         cstackBANK0  00052
___lmul                                   text47       00975
___lmul@multiplicand                      cstackCOMMON 00074
___lmul@multiplier                        cstackCOMMON 00070
___lmul@product                           cstackCOMMON 00078
___lwdiv                                  text47       00CBB
___lwdiv@counter                          cstackCOMMON 00076
___lwdiv@dividend                         cstackCOMMON 00072
___lwdiv@divisor                          cstackCOMMON 00070
___lwdiv@quotient                         cstackCOMMON 00074
___lwmod                                  text47       00CE0
___lwmod@counter                          cstackCOMMON 0007B
___lwmod@dividend                         cstackCOMMON 00079
___lwmod@divisor                          cstackCOMMON 00077
___sp                                     stack        00000
___wmul                                   text47       00B77
___wmul@multiplicand                      cstackCOMMON 00072
___wmul@multiplier                        cstackCOMMON 00070
___wmul@product                           cstackCOMMON 00074
__end_ofPL10                              text47       00F34
__end_ofPL12                              text47       00F40
__end_ofPL14                              text47       00F46
__end_ofPL16                              text47       00F4C
__end_ofPL18                              text47       00F58
__end_ofPL2                               text47       00F06
__end_ofPL20                              text47       00F5E
__end_ofPL22                              text47       00F63
__end_ofPL24                              text47       00F68
__end_ofPL26                              text47       00F71
__end_ofPL28                              text47       00F76
__end_ofPL30                              text47       00F7C
__end_ofPL32                              text47       00F84
__end_ofPL34                              text47       00F8A
__end_ofPL36                              text47       00F90
__end_ofPL38                              text47       00F97
__end_ofPL4                               text47       00F0F
__end_ofPL40                              text2        001C9
__end_ofPL42                              text47       00F9D
__end_ofPL44                              text2        001CF
__end_ofPL46                              text47       00FA3
__end_ofPL6                               text47       00F19
__end_ofPL8                               text47       00F27
__end_of_ADCProcess                       text47       00942
__end_of_BaseTimeTickISR                  text52       002A6
__end_of_Cali                             text47       00975
__end_of_CaliTabSendProcess               text47       00B77
__end_of_ChangeADS1115ValueToResitor      text47       009ED
__end_of_ConstructCaliTab                 text2        00157
__end_of_EEpromBuffeWirte                 text47       00B1F
__end_of_EEpromBufferRead                 text47       00CA9
__end_of_EUSART_Initialize                text47       00FEC
__end_of_EUSART_Read                      text2        00094
__end_of_EUSART_Receive_ISR               text55       0028E
__end_of_EUSART_Transmit_ISR              text54       00278
__end_of_EUSART_Write                     text47       00FBF
__end_of_EraseCaliDatabase                text47       00B2B
__end_of_IIC_Delay                        text47       00E33
__end_of_IIC_Delay_Half                   text47       00E57
__end_of_INTERRUPT_InterruptManager       intentry     00025
__end_of_IsCharOne                        text47       00E64
__end_of_LinearLookUpTab                  text47       008B5
__end_of_OSCILLATOR_Initialize            text47       00E7D
__end_of_PIN_MANAGER_Initialize           text47       00E8D
__end_of_ReceiveFromRom                   text47       00D68
__end_of_SYSTEM_Initialize                text47       00E78
__end_of_SendDataToMainBoardProcess       text47       00EE0
__end_of_SendToRom                        text47       00E30
__end_of_StartRom                         text47       00E54
__end_of_StopRom                          text47       00E42
__end_of_TMR0_DefaultInterruptHandler     text53       002AD
__end_of_TMR0_ISR                         text51       0029C
__end_of_TMR0_Initialize                  text47       00FFB
__end_of_TMR0_SetInterruptHandler         text47       00B31
__end_of_UartDriverRecBufferClr           text2        0007D
__end_of_UartRecProcess                   text2        00076
__end_of_UartSend                         text47       01000
__end_of_UartSendProcess                  text47       00EF1
__end_of_Update2CaliDatabase              text47       00B05
__end_of_UpdateCaliBuf                    text47       00C90
__end_of_WDT_Initialize                   text47       00E90
__end_of___aldiv                          text2        001C3
__end_of___lldiv                          text47       00A2C
__end_of___lmul                           text47       0099A
__end_of___lwdiv                          text47       00CE0
__end_of___lwmod                          text47       00D00
__end_of___wmul                           text47       00B8C
__end_of__initialization                  text47       008CD
__end_of_ads1015_init                     text47       00EFA
__end_of_dpowers                          stringtext   001D9
__end_of_eeprom_read                      text47       00CBB
__end_of_eeprom_write                     text47       00D1C
__end_of_isdigit                          text47       00C6F
__end_of_mack                             text47       00E6F
__end_of_main                             text47       008F1
__end_of_printf                           text47       00C5F
__end_of_putch                            text47       00C61
__end_of_readADC_Differential_0_1_part1   text47       00FD4
__end_of_readADC_Differential_0_1_part2   text47       00D3D
__end_of_readRegister                     text47       00DB9
__end_of_writeRegister                    text47       00DF9
__initialization                          text47       008B5
__pbssBANK0                               bssBANK0     00020
__pbssBANK1                               bssBANK1     000A0
__pbssBANK2                               bssBANK2     00120
__pcstackBANK0                            cstackBANK0  0004A
__pcstackCOMMON                           cstackCOMMON 00070
__pintentry                               intentry     00004
__pmaintext                               text47       008D0
__pnvBANK0                                nvBANK0      00067
__pstringtext                             stringtext   001CF
__ptext1                                  text47       00EE0
__ptext10                                 text47       00E8D
__ptext11                                 text47       00FEC
__ptext12                                 text47       00B2B
__ptext13                                 text47       00E7D
__ptext14                                 text47       00E78
__ptext15                                 text47       00FD4
__ptext16                                 text47       00B31
__ptext17                                 text47       00B8C
__ptext18                                 text47       00C5F
__ptext19                                 text47       00FA3
__ptext2                                  text2        00027
__ptext20                                 text47       00C61
__ptext21                                 text47       00B77
__ptext22                                 text47       008F1
__ptext23                                 text47       00D1C
__ptext24                                 text47       00D68
__ptext25                                 text47       00E64
__ptext26                                 text47       00D3D
__ptext27                                 text47       00FBF
__ptext28                                 text47       00DB9
__ptext29                                 text47       00E33
__ptext3                                  text2        00076
__ptext30                                 text47       00E42
__ptext31                                 text47       00DF9
__ptext32                                 text47       00E57
__ptext33                                 text47       00E54
__ptext34                                 text47       00E30
__ptext35                                 text47       00EF1
__ptext36                                 text47       00A2C
__ptext37                                 text47       00CE0
__ptext38                                 text47       00CBB
__ptext39                                 text47       00C6F
__ptext4                                  text2        0007D
__ptext40                                 text47       00C90
__ptext41                                 text47       00CA9
__ptext42                                 text47       00B1F
__ptext43                                 text47       00B05
__ptext44                                 text47       00D00
__ptext45                                 text47       0099A
__ptext46                                 text47       00942
__ptext47                                 text47       00801
__ptext48                                 text47       00975
__ptext49                                 text47       009ED
__ptext5                                  text2        00094
__ptext51                                 text51       0028E
__ptext52                                 text52       0029C
__ptext53                                 text53       002AC
__ptext54                                 text54       00262
__ptext55                                 text55       00278
__ptext6                                  text2        00157
__ptext7                                  text47       00E90
__ptext8                                  text47       00FFB
__ptext9                                  text47       00E6F
__size_of_ADCProcess                      (abs)        00000
__size_of_BaseTimeTickISR                 (abs)        00000
__size_of_Cali                            (abs)        00000
__size_of_CaliTabSendProcess              (abs)        00000
__size_of_ChangeADS1115ValueToResitor     (abs)        00000
__size_of_ConstructCaliTab                (abs)        00000
__size_of_EEpromBuffeWirte                (abs)        00000
__size_of_EEpromBufferRead                (abs)        00000
__size_of_EUSART_Initialize               (abs)        00000
__size_of_EUSART_Read                     (abs)        00000
__size_of_EUSART_Receive_ISR              (abs)        00000
__size_of_EUSART_Transmit_ISR             (abs)        00000
__size_of_EUSART_Write                    (abs)        00000
__size_of_EraseCaliDatabase               (abs)        00000
__size_of_IIC_Delay                       (abs)        00000
__size_of_IIC_Delay_Half                  (abs)        00000
__size_of_INTERRUPT_InterruptManager      (abs)        00000
__size_of_IsCharOne                       (abs)        00000
__size_of_LinearLookUpTab                 (abs)        00000
__size_of_OSCILLATOR_Initialize           (abs)        00000
__size_of_PIN_MANAGER_Initialize          (abs)        00000
__size_of_ReceiveFromRom                  (abs)        00000
__size_of_SYSTEM_Initialize               (abs)        00000
__size_of_SendDataToMainBoardProcess      (abs)        00000
__size_of_SendToRom                       (abs)        00000
__size_of_StartRom                        (abs)        00000
__size_of_StopRom                         (abs)        00000
__size_of_TMR0_DefaultInterruptHandler    (abs)        00000
__size_of_TMR0_ISR                        (abs)        00000
__size_of_TMR0_Initialize                 (abs)        00000
__size_of_TMR0_SetInterruptHandler        (abs)        00000
__size_of_UartDriverRecBufferClr          (abs)        00000
__size_of_UartRecProcess                  (abs)        00000
__size_of_UartSend                        (abs)        00000
__size_of_UartSendProcess                 (abs)        00000
__size_of_Update2CaliDatabase             (abs)        00000
__size_of_UpdateCaliBuf                   (abs)        00000
__size_of_WDT_Initialize                  (abs)        00000
__size_of___aldiv                         (abs)        00000
__size_of___lldiv                         (abs)        00000
__size_of___lmul                          (abs)        00000
__size_of___lwdiv                         (abs)        00000
__size_of___lwmod                         (abs)        00000
__size_of___wmul                          (abs)        00000
__size_of_ads1015_init                    (abs)        00000
__size_of_eeprom_read                     (abs)        00000
__size_of_eeprom_write                    (abs)        00000
__size_of_isdigit                         (abs)        00000
__size_of_mack                            (abs)        00000
__size_of_main                            (abs)        00000
__size_of_printf                          (abs)        00000
__size_of_putch                           (abs)        00000
__size_of_readADC_Differential_0_1_part1  (abs)        00000
__size_of_readADC_Differential_0_1_part2  (abs)        00000
__size_of_readRegister                    (abs)        00000
__size_of_writeRegister                   (abs)        00000
_ads1015_init                             text47       00EF1
_dpowers                                  stringtext   001CF
_eeprom_read                              text47       00CA9
_eeprom_write                             text47       00D00
_eusartRxBuffer                           bssBANK2     00120
_eusartRxCount                            bssBANK0     00045
_eusartRxHead                             bssBANK0     00046
_eusartRxTail                             bssBANK0     00047
_eusartTxBuffer                           bssBANK1     000E8
_eusartTxBufferRemaining                  nvBANK0      00069
_eusartTxHead                             bssBANK0     00048
_eusartTxTail                             bssBANK0     00049
_isdigit                                  text47       00C61
_isdigit$834                              cstackCOMMON 00070
_m_bitShift                               bssBANK0     00036
_m_gain                                   bssBANK0     00038
_m_i2cAddress                             bssBANK0     0003A
_mack                                     text47       00E64
_main                                     text47       008D0
_printf                                   text47       00B8C
_putch                                    text47       00C5F
_readADC_Differential_0_1_part1           text47       00FBF
_readADC_Differential_0_1_part2           text47       00D1C
_readRegister                             text47       00D68
_timer0ReloadVal                          nvBANK0      0006A
_writeRegister                            text47       00DB9
btemp                                     (abs)        0007E
clear_ram0                                clrtext      002A6
eeprom_read@addr                          cstackCOMMON 00070
eeprom_write@addr                         cstackCOMMON 00071
eeprom_write@value                        cstackCOMMON 00070
end_of_initialization                     text47       008CD
int$flags                                 (abs)        0007E
intlevel0                                 functab      00000
intlevel1                                 functab      00000
intlevel2                                 functab      00000
intlevel3                                 functab      00000
intlevel4                                 functab      00000
intlevel5                                 functab      00000
isdigit@c                                 cstackCOMMON 00071
ltemp                                     (abs)        0007E
ltemp0                                    (abs)        0007E
ltemp1                                    (abs)        00082
ltemp2                                    (abs)        00086
ltemp3                                    (abs)        00080
printf@ap                                 cstackBANK0  0005A
printf@c                                  cstackBANK0  00061
printf@f                                  cstackBANK0  0004A
printf@flag                               cstackBANK0  0005C
printf@prec                               cstackBANK0  0005B
printf@val                                cstackBANK0  0005D
printf@width                              cstackBANK0  0005F
putch@txData                              cstackCOMMON 00071
readADC_Differential_0_1_part1@config     cstackCOMMON 0007C
readADC_Differential_0_1_part2@res        cstackBANK0  00050
readRegister@i                            cstackBANK0  0004C
readRegister@i2cAddress                   cstackCOMMON 0007A
readRegister@reg                          cstackCOMMON 0007C
readRegister@ret                          cstackBANK0  0004A
reset_vec                                 reset_vec    00000
stackhi                                   (abs)        0204F
stacklo                                   (abs)        0204B
start                                     init         00025
start_initialization                      text47       008B5
ttemp                                     (abs)        0007E
ttemp0                                    (abs)        0007E
ttemp1                                    (abs)        00081
ttemp2                                    (abs)        00084
ttemp3                                    (abs)        00087
ttemp4                                    (abs)        0007F
writeRegister@i                           cstackCOMMON 0007A
writeRegister@i2cAddress                  cstackBANK0  0004A
writeRegister@reg                         cstackBANK0  0004C
writeRegister@value                       cstackBANK0  0004E
wtemp                                     (abs)        0007E
wtemp0                                    (abs)        0007E
wtemp1                                    (abs)        00080
wtemp2                                    (abs)        00082
wtemp3                                    (abs)        00084
wtemp4                                    (abs)        00086
wtemp5                                    (abs)        00088
wtemp6                                    (abs)        0007F


FUNCTION INFORMATION:

 *************** function _main *****************
 Defined at:
		line 634 in file "main.c"
 Parameters:    Size  Location     Type
		None
 Auto vars:     Size  Location     Type
  tmp             1    0        unsigned char 
 Return value:  Size  Location     Type
                  1    wreg      void 
 Registers used:
		wreg, fsr0l, fsr0h, fsr1l, fsr1h, status,2, status,0, pclath, cstack
 Tracked objects:
		On entry : 
		On exit  : 
		Unchanged: 
 Data sizes:     COMMON   BANK0   BANK1   BANK2
      Params:         0       0       0       0
      Locals:         0       0       0       0
      Temps:          0       0       0       0
      Totals:         0       0       0       0
Total ram usage:        0 bytes
 Hardware stack levels required when called:    8
 This function calls:
		_ADCProcess
		_CaliTabSendProcess
		_ConstructCaliTab
		_SYSTEM_Initialize
		_SendDataToMainBoardProcess
		_TMR0_SetInterruptHandler
		_UartRecProcess
		_UartSendProcess
 This function is called by:
		Startup code after reset
 This function uses a non-reentrant model


 *************** function _UartSendProcess *****************
 Defined at:
		line 484 in file "main.c"
 Parameters:    Size  Location     Type
		None
 Auto vars:     Size  Location     Type
		None
 Return value:  Size  Location     Type
                  1    wreg      void 
 Registers used:
		wreg, fsr1l, fsr1h, status,2, status,0, pclath, cstack
 Tracked objects:
		On entry : 
		On exit  : 
		Unchanged: 
 Data sizes:     COMMON   BANK0   BANK1   BANK2
      Params:         0       0       0       0
      Locals:         0       0       0       0
      Temps:          0       0       0       0
      Totals:         0       0       0       0
Total ram usage:        0 bytes
 Hardware stack levels used:    1
 Hardware stack levels required when called:    4
 This function calls:
		_EUSART_Write
 This function is called by:
		_main
 This function uses a non-reentrant model


 *************** function _UartRecProcess *****************
 Defined at:
		line 508 in file "main.c"
 Parameters:    Size  Location     Type
		None
 Auto vars:     Size  Location     Type
		None
 Return value:  Size  Location     Type
                  1    wreg      void 
 Registers used:
		wreg, fsr0l, fsr0h, fsr1l, fsr1h, status,2, status,0, pclath, cstack
 Tracked objects:
		On entry : 
		On exit  : 
		Unchanged: 
 Data sizes:     COMMON   BANK0   BANK1   BANK2
      Params:         0       0       0       0
      Locals:         0       0       0       0
      Temps:          1       0       0       0
      Totals:         1       0       0       0
Total ram usage:        1 bytes
 Hardware stack levels used:    1
 Hardware stack levels required when called:    7
 This function calls:
		_ConstructCaliTab
		_EUSART_Read
		_EraseCaliDatabase
		_UartDriverRecBufferClr
		_printf
 This function is called by:
		_main
 This function uses a non-reentrant model


 *************** function _UartDriverRecBufferClr *****************
 Defined at:
		line 497 in file "main.c"
 Parameters:    Size  Location     Type
		None
 Auto vars:     Size  Location     Type
		None
 Return value:  Size  Location     Type
                  1    wreg      void 
 Registers used:
		wreg, fsr1l, fsr1h, status,2, status,0, pclath, cstack
 Tracked objects:
		On entry : 
		On exit  : 
		Unchanged: 
 Data sizes:     COMMON   BANK0   BANK1   BANK2
      Params:         0       0       0       0
      Locals:         0       0       0       0
      Temps:          0       0       0       0
      Totals:         0       0       0       0
Total ram usage:        0 bytes
 Hardware stack levels used:    1
 Hardware stack levels required when called:    4
 This function calls:
		_EUSART_Read
 This function is called by:
		_UartRecProcess
 This function uses a non-reentrant model


 *************** function _EUSART_Read *****************
 Defined at:
		line 112 in file "mcc_generated_files/eusart.c"
 Parameters:    Size  Location     Type
		None
 Auto vars:     Size  Location     Type
  readValue       1    0[COMMON] unsigned char 
 Return value:  Size  Location     Type
                  1    wreg      unsigned char 
 Registers used:
		wreg, fsr1l, fsr1h, status,2, status,0
 Tracked objects:
		On entry : 
		On exit  : 
		Unchanged: 
 Data sizes:     COMMON   BANK0   BANK1   BANK2
      Params:         0       0       0       0
      Locals:         1       0       0       0
      Temps:          0       0       0       0
      Totals:         1       0       0       0
Total ram usage:        1 bytes
 Hardware stack levels used:    1
 Hardware stack levels required when called:    3
 This function calls:
		Nothing
 This function is called by:
		_UartDriverRecBufferClr
		_UartRecProcess
 This function uses a non-reentrant model


 *************** function _ConstructCaliTab *****************
 Defined at:
		line 313 in file "main.c"
 Parameters:    Size  Location     Type
		None
 Auto vars:     Size  Location     Type
  j               1   27[BANK0 ] unsigned char 
  i               1   26[BANK0 ] unsigned char 
 Return value:  Size  Location     Type
                  1    wreg      void 
 Registers used:
		wreg, fsr0l, fsr0h, fsr1l, fsr1h, status,2, status,0, pclath, cstack
 Tracked objects:
		On entry : 
		On exit  : 
		Unchanged: 
 Data sizes:     COMMON   BANK0   BANK1   BANK2
      Params:         0       0       0       0
      Locals:         0       2       0       0
      Temps:          0      12       0       0
      Totals:         0      14       0       0
Total ram usage:       14 bytes
 Hardware stack levels used:    1
 Hardware stack levels required when called:    6
 This function calls:
		_UpdateCaliBuf
		___aldiv
		___lmul
 This function is called by:
		_UartRecProcess
		_main
 This function uses a non-reentrant model


 *************** function ___aldiv *****************
 Defined at:
		line 6 in file "C:\Program Files (x86)\Microchip\xc8\v1.37\sources\common\aldiv.c"
 Parameters:    Size  Location     Type
  divisor         4    0[BANK0 ] long 
  dividend        4    4[BANK0 ] long 
 Auto vars:     Size  Location     Type
  quotient        4   10[BANK0 ] long 
  sign            1    9[BANK0 ] unsigned char 
  counter         1    8[BANK0 ] unsigned char 
 Return value:  Size  Location     Type
                  4    0[BANK0 ] long 
 Registers used:
		wreg, status,2, status,0
 Tracked objects:
		On entry : 
		On exit  : 
		Unchanged: 
 Data sizes:     COMMON   BANK0   BANK1   BANK2
      Params:         0       8       0       0
      Locals:         0       6       0       0
      Temps:          0       0       0       0
      Totals:         0      14       0       0
Total ram usage:       14 bytes
 Hardware stack levels used:    1
 Hardware stack levels required when called:    3
 This function calls:
		Nothing
 This function is called by:
		_ConstructCaliTab
 This function uses a non-reentrant model


 *************** function _SendDataToMainBoardProcess *****************
 Defined at:
		line 577 in file "main.c"
 Parameters:    Size  Location     Type
		None
 Auto vars:     Size  Location     Type
		None
 Return value:  Size  Location     Type
                  1    wreg      void 
 Registers used:
		wreg, fsr0l, fsr0h, fsr1l, fsr1h, status,2, status,0, pclath, cstack
 Tracked objects:
		On entry : 
		On exit  : 
		Unchanged: 
 Data sizes:     COMMON   BANK0   BANK1   BANK2
      Params:         0       0       0       0
      Locals:         0       0       0       0
      Temps:          0       0       0       0
      Totals:         0       0       0       0
Total ram usage:        0 bytes
 Hardware stack levels used:    1
 Hardware stack levels required when called:    6
 This function calls:
		_UartSend
		_printf
 This function is called by:
		_main
 This function uses a non-reentrant model


 *************** function _UartSend *****************
 Defined at:
		line 477 in file "main.c"
 Parameters:    Size  Location     Type
  SendNum         1    wreg     unsigned char 
 Auto vars:     Size  Location     Type
  SendNum         1    0[COMMON] unsigned char 
 Return value:  Size  Location     Type
                  1    wreg      void 
 Registers used:
		wreg, status,2
 Tracked objects:
		On entry : 
		On exit  : 
		Unchanged: 
 Data sizes:     COMMON   BANK0   BANK1   BANK2
      Params:         0       0       0       0
      Locals:         1       0       0       0
      Temps:          0       0       0       0
      Totals:         1       0       0       0
Total ram usage:        1 bytes
 Hardware stack levels used:    1
 Hardware stack levels required when called:    3
 This function calls:
		Nothing
 This function is called by:
		_SendDataToMainBoardProcess
 This function uses a non-reentrant model


 *************** function _SYSTEM_Initialize *****************
 Defined at:
		line 69 in file "mcc_generated_files/mcc.c"
 Parameters:    Size  Location     Type
		None
 Auto vars:     Size  Location     Type
		None
 Return value:  Size  Location     Type
                  1    wreg      void 
 Registers used:
		wreg, status,2, status,0, pclath, cstack
 Tracked objects:
		On entry : 
		On exit  : 
		Unchanged: 
 Data sizes:     COMMON   BANK0   BANK1   BANK2
      Params:         0       0       0       0
      Locals:         0       0       0       0
      Temps:          0       0       0       0
      Totals:         0       0       0       0
Total ram usage:        0 bytes
 Hardware stack levels used:    1
 Hardware stack levels required when called:    5
 This function calls:
		_EUSART_Initialize
		_OSCILLATOR_Initialize
		_PIN_MANAGER_Initialize
		_TMR0_Initialize
		_WDT_Initialize
 This function is called by:
		_main
 This function uses a non-reentrant model


 *************** function _WDT_Initialize *****************
 Defined at:
		line 89 in file "mcc_generated_files/mcc.c"
 Parameters:    Size  Location     Type
		None
 Auto vars:     Size  Location     Type
		None
 Return value:  Size  Location     Type
                  1    wreg      void 
 Registers used:
		wreg
 Tracked objects:
		On entry : 
		On exit  : 
		Unchanged: 
 Data sizes:     COMMON   BANK0   BANK1   BANK2
      Params:         0       0       0       0
      Locals:         0       0       0       0
      Temps:          0       0       0       0
      Totals:         0       0       0       0
Total ram usage:        0 bytes
 Hardware stack levels used:    1
 Hardware stack levels required when called:    3
 This function calls:
		Nothing
 This function is called by:
		_SYSTEM_Initialize
 This function uses a non-reentrant model


 *************** function _TMR0_Initialize *****************
 Defined at:
		line 64 in file "mcc_generated_files/tmr0.c"
 Parameters:    Size  Location     Type
		None
 Auto vars:     Size  Location     Type
		None
 Return value:  Size  Location     Type
                  1    wreg      void 
 Registers used:
		wreg, status,2, status,0, pclath, cstack
 Tracked objects:
		On entry : 
		On exit  : 
		Unchanged: 
 Data sizes:     COMMON   BANK0   BANK1   BANK2
      Params:         0       0       0       0
      Locals:         0       0       0       0
      Temps:          0       0       0       0
      Totals:         0       0       0       0
Total ram usage:        0 bytes
 Hardware stack levels used:    1
 Hardware stack levels required when called:    4
 This function calls:
		_TMR0_SetInterruptHandler
 This function is called by:
		_SYSTEM_Initialize
 This function uses a non-reentrant model


 *************** function _TMR0_SetInterruptHandler *****************
 Defined at:
		line 126 in file "mcc_generated_files/tmr0.c"
 Parameters:    Size  Location     Type
  InterruptHan    2    0[COMMON] PTR void 
		 -> BaseTimeTickISR(1), TMR0_DefaultInterruptHandler(1), 
 Auto vars:     Size  Location     Type
		None
 Return value:  Size  Location     Type
                  1    wreg      void 
 Registers used:
		wreg
 Tracked objects:
		On entry : 
		On exit  : 
		Unchanged: 
 Data sizes:     COMMON   BANK0   BANK1   BANK2
      Params:         2       0       0       0
      Locals:         0       0       0       0
      Temps:          0       0       0       0
      Totals:         2       0       0       0
Total ram usage:        2 bytes
 Hardware stack levels used:    1
 Hardware stack levels required when called:    3
 This function calls:
		Nothing
 This function is called by:
		_TMR0_Initialize
		_main
 This function uses a non-reentrant model


 *************** function _PIN_MANAGER_Initialize *****************
 Defined at:
		line 51 in file "mcc_generated_files/pin_manager.c"
 Parameters:    Size  Location     Type
		None
 Auto vars:     Size  Location     Type
		None
 Return value:  Size  Location     Type
                  1    wreg      void 
 Registers used:
		wreg, status,2
 Tracked objects:
		On entry : 
		On exit  : 
		Unchanged: 
 Data sizes:     COMMON   BANK0   BANK1   BANK2
      Params:         0       0       0       0
      Locals:         0       0       0       0
      Temps:          0       0       0       0
      Totals:         0       0       0       0
Total ram usage:        0 bytes
 Hardware stack levels used:    1
 Hardware stack levels required when called:    3
 This function calls:
		Nothing
 This function is called by:
		_SYSTEM_Initialize
 This function uses a non-reentrant model


 *************** function _OSCILLATOR_Initialize *****************
 Defined at:
		line 79 in file "mcc_generated_files/mcc.c"
 Parameters:    Size  Location     Type
		None
 Auto vars:     Size  Location     Type
		None
 Return value:  Size  Location     Type
                  1    wreg      void 
 Registers used:
		wreg, status,2
 Tracked objects:
		On entry : 
		On exit  : 
		Unchanged: 
 Data sizes:     COMMON   BANK0   BANK1   BANK2
      Params:         0       0       0       0
      Locals:         0       0       0       0
      Temps:          0       0       0       0
      Totals:         0       0       0       0
Total ram usage:        0 bytes
 Hardware stack levels used:    1
 Hardware stack levels required when called:    3
 This function calls:
		Nothing
 This function is called by:
		_SYSTEM_Initialize
 This function uses a non-reentrant model


 *************** function _EUSART_Initialize *****************
 Defined at:
		line 75 in file "mcc_generated_files/eusart.c"
 Parameters:    Size  Location     Type
		None
 Auto vars:     Size  Location     Type
		None
 Return value:  Size  Location     Type
                  1    wreg      void 
 Registers used:
		wreg, status,2
 Tracked objects:
		On entry : 
		On exit  : 
		Unchanged: 
 Data sizes:     COMMON   BANK0   BANK1   BANK2
      Params:         0       0       0       0
      Locals:         0       0       0       0
      Temps:          0       0       0       0
      Totals:         0       0       0       0
Total ram usage:        0 bytes
 Hardware stack levels used:    1
 Hardware stack levels required when called:    3
 This function calls:
		Nothing
 This function is called by:
		_SYSTEM_Initialize
 This function uses a non-reentrant model


 *************** function _CaliTabSendProcess *****************
 Defined at:
		line 360 in file "main.c"
 Parameters:    Size  Location     Type
		None
 Auto vars:     Size  Location     Type
  i               1   28[BANK0 ] unsigned char 
 Return value:  Size  Location     Type
                  1    wreg      void 
 Registers used:
		wreg, fsr0l, fsr0h, fsr1l, fsr1h, status,2, status,0, pclath, cstack
 Tracked objects:
		On entry : 
		On exit  : 
		Unchanged: 
 Data sizes:     COMMON   BANK0   BANK1   BANK2
      Params:         0       0       0       0
      Locals:         0       5       0       0
      Temps:          0       0       0       0
      Totals:         0       5       0       0
Total ram usage:        5 bytes
 Hardware stack levels used:    1
 Hardware stack levels required when called:    6
 This function calls:
		_UpdateCaliBuf
		___wmul
		_printf
 This function is called by:
		_main
 This function uses a non-reentrant model


 *************** function _printf *****************
 Defined at:
		line 464 in file "C:\Program Files (x86)\Microchip\xc8\v1.37\sources\common\doprnt.c"
 Parameters:    Size  Location     Type
  f               2    0[BANK0 ] PTR const unsigned char 
		 -> STR_4(36), STR_3(27), STR_2(37), STR_1(37), 
 Auto vars:     Size  Location     Type
  tmpval          4    0        struct .
  width           2   21[BANK0 ] int 
  val             2   19[BANK0 ] unsigned int 
  cp              2    0        PTR const unsigned char 
  len             2    0        unsigned int 
  c               1   23[BANK0 ] char 
  flag            1   18[BANK0 ] unsigned char 
  prec            1   17[BANK0 ] char 
  ap              1   16[BANK0 ] PTR void [1]
		 -> ?_printf(2), 
 Return value:  Size  Location     Type
                  2    0[BANK0 ] int 
 Registers used:
		wreg, fsr0l, fsr0h, fsr1l, fsr1h, status,2, status,0, pclath, cstack
 Tracked objects:
		On entry : 
		On exit  : 
		Unchanged: 
 Data sizes:     COMMON   BANK0   BANK1   BANK2
      Params:         0      12       0       0
      Locals:         0       8       0       0
      Temps:          0       4       0       0
      Totals:         0      24       0       0
Total ram usage:       24 bytes
 Hardware stack levels used:    1
 Hardware stack levels required when called:    5
 This function calls:
		___lwdiv
		___lwmod
		___wmul
		_isdigit
		_putch
 This function is called by:
		_CaliTabSendProcess
		_UartRecProcess
		_SendDataToMainBoardProcess
 This function uses a non-reentrant model


 *************** function _putch *****************
 Defined at:
		line 160 in file "mcc_generated_files/eusart.c"
 Parameters:    Size  Location     Type
  txData          1    wreg     unsigned char 
 Auto vars:     Size  Location     Type
  txData          1    1[COMMON] unsigned char 
 Return value:  Size  Location     Type
                  1    wreg      void 
 Registers used:
		wreg, fsr1l, fsr1h, status,2, status,0, pclath, cstack
 Tracked objects:
		On entry : 
		On exit  : 
		Unchanged: 
 Data sizes:     COMMON   BANK0   BANK1   BANK2
      Params:         0       0       0       0
      Locals:         1       0       0       0
      Temps:          0       0       0       0
      Totals:         1       0       0       0
Total ram usage:        1 bytes
 Hardware stack levels used:    1
 Hardware stack levels required when called:    4
 This function calls:
		_EUSART_Write
 This function is called by:
		_printf
 This function uses a non-reentrant model


 *************** function _EUSART_Write *****************
 Defined at:
		line 132 in file "mcc_generated_files/eusart.c"
 Parameters:    Size  Location     Type
  txData          1    wreg     unsigned char 
 Auto vars:     Size  Location     Type
  txData          1    0[COMMON] unsigned char 
 Return value:  Size  Location     Type
                  1    wreg      void 
 Registers used:
		wreg, fsr1l, fsr1h, status,2, status,0
 Tracked objects:
		On entry : 
		On exit  : 
		Unchanged: 
 Data sizes:     COMMON   BANK0   BANK1   BANK2
      Params:         0       0       0       0
      Locals:         1       0       0       0
      Temps:          0       0       0       0
      Totals:         1       0       0       0
Total ram usage:        1 bytes
 Hardware stack levels used:    1
 Hardware stack levels required when called:    3
 This function calls:
		Nothing
 This function is called by:
		_putch
		_UartSendProcess
 This function uses a non-reentrant model


 *************** function _isdigit *****************
 Defined at:
		line 8 in file "C:\Program Files (x86)\Microchip\xc8\v1.37\sources\common\isdigit.c"
 Parameters:    Size  Location     Type
  c               1    wreg     unsigned char 
 Auto vars:     Size  Location     Type
  c               1    1[COMMON] unsigned char 
 Return value:  Size  Location     Type
		None               void
 Registers used:
		wreg, status,2, status,0
 Tracked objects:
		On entry : 
		On exit  : 
		Unchanged: 
 Data sizes:     COMMON   BANK0   BANK1   BANK2
      Params:         0       0       0       0
      Locals:         2       0       0       0
      Temps:          0       0       0       0
      Totals:         2       0       0       0
Total ram usage:        2 bytes
 Hardware stack levels used:    1
 Hardware stack levels required when called:    3
 This function calls:
		Nothing
 This function is called by:
		_printf
 This function uses a non-reentrant model


 *************** function ___wmul *****************
 Defined at:
		line 15 in file "C:\Program Files (x86)\Microchip\xc8\v1.37\sources\common\Umul16.c"
 Parameters:    Size  Location     Type
  multiplier      2    0[COMMON] unsigned int 
  multiplicand    2    2[COMMON] unsigned int 
 Auto vars:     Size  Location     Type
  product         2    4[COMMON] unsigned int 
 Return value:  Size  Location     Type
                  2    0[COMMON] unsigned int 
 Registers used:
		wreg, status,2, status,0
 Tracked objects:
		On entry : 
		On exit  : 
		Unchanged: 
 Data sizes:     COMMON   BANK0   BANK1   BANK2
      Params:         4       0       0       0
      Locals:         2       0       0       0
      Temps:          0       0       0       0
      Totals:         6       0       0       0
Total ram usage:        6 bytes
 Hardware stack levels used:    1
 Hardware stack levels required when called:    3
 This function calls:
		Nothing
 This function is called by:
		_CaliTabSendProcess
		_printf
 This function uses a non-reentrant model


 *************** function _ADCProcess *****************
 Defined at:
		line 428 in file "main.c"
 Parameters:    Size  Location     Type
		None
 Auto vars:     Size  Location     Type
		None
 Return value:  Size  Location     Type
                  1    wreg      void 
 Registers used:
		wreg, fsr0l, fsr0h, fsr1l, fsr1h, status,2, status,0, pclath, cstack
 Tracked objects:
		On entry : 
		On exit  : 
		Unchanged: 
 Data sizes:     COMMON   BANK0   BANK1   BANK2
      Params:         0       0       0       0
      Locals:         0       0       0       0
      Temps:          0       0       0       0
      Totals:         0       0       0       0
Total ram usage:        0 bytes
 Hardware stack levels used:    1
 Hardware stack levels required when called:    7
 This function calls:
		_Cali
		_ChangeADS1115ValueToResitor
		_Update2CaliDatabase
		_ads1015_init
		_readADC_Differential_0_1_part1
		_readADC_Differential_0_1_part2
 This function is called by:
		_main
 This function uses a non-reentrant model


 *************** function _readADC_Differential_0_1_part2 *****************
 Defined at:
		line 464 in file "ads1115.c"
 Parameters:    Size  Location     Type
		None
 Auto vars:     Size  Location     Type
  res             2    6[BANK0 ] unsigned int 
 Return value:  Size  Location     Type
                  2    4[BANK0 ] int 
 Registers used:
		wreg, status,2, status,0, pclath, cstack
 Tracked objects:
		On entry : 
		On exit  : 
		Unchanged: 
 Data sizes:     COMMON   BANK0   BANK1   BANK2
      Params:         0       2       0       0
      Locals:         0       2       0       0
      Temps:          0       0       0       0
      Totals:         0       4       0       0
Total ram usage:        4 bytes
 Hardware stack levels used:    1
 Hardware stack levels required when called:    6
 This function calls:
		_readRegister
 This function is called by:
		_ADCProcess
 This function uses a non-reentrant model


 *************** function _readRegister *****************
 Defined at:
		line 183 in file "ads1115.c"
 Parameters:    Size  Location     Type
  i2cAddress      2   10[COMMON] unsigned int 
  reg             2   12[COMMON] unsigned int 
 Auto vars:     Size  Location     Type
  i               2    2[BANK0 ] unsigned int 
  ret             2    0[BANK0 ] unsigned int 
 Return value:  Size  Location     Type
                  2   10[COMMON] unsigned int 
 Registers used:
		wreg, status,2, status,0, pclath, cstack
 Tracked objects:
		On entry : 
		On exit  : 
		Unchanged: 
 Data sizes:     COMMON   BANK0   BANK1   BANK2
      Params:         4       0       0       0
      Locals:         0       4       0       0
      Temps:          0       0       0       0
      Totals:         4       4       0       0
Total ram usage:        8 bytes
 Hardware stack levels used:    1
 Hardware stack levels required when called:    5
 This function calls:
		_IIC_Delay
		_ReceiveFromRom
		_SendToRom
		_StartRom
		_StopRom
		_mack
 This function is called by:
		_readADC_Differential_0_1_part2
 This function uses a non-reentrant model


 *************** function _mack *****************
 Defined at:
		line 137 in file "ads1115.c"
[...]
 Defined at:
		line 207 in file "main.c"
 Parameters:    Size  Location     Type
		None
 Auto vars:     Size  Location     Type
  i               1    2[COMMON] unsigned char 
 Return value:  Size  Location     Type
                  1    wreg      void 
 Registers used:
		wreg, status,2, status,0, pclath, cstack
 Tracked objects:
		On entry : 
		On exit  : 
		Unchanged: 
 Data sizes:     COMMON   BANK0   BANK1   BANK2
      Params:         0       0       0       0
      Locals:         1       0       0       0
      Temps:          0       0       0       0
      Totals:         1       0       0       0
Total ram usage:        1 bytes
 Hardware stack levels used:    1
 Hardware stack levels required when called:    4
 This function calls:
		_eeprom_write
 This function is called by:
		_Update2CaliDatabase
		_UartRecProcess
 This function uses a non-reentrant model


 *************** function _EEpromBuffeWirte *****************
 Defined at:
		line 124 in file "main.c"
 Parameters:    Size  Location     Type
  pBuffer         1    wreg     PTR unsigned char 
		 -> Update2CaliDatabase@tmp(4), 
  WriteAddr       1    2[COMMON] unsigned char 
  NumByteToWri    2    3[COMMON] unsigned int 
 Auto vars:     Size  Location     Type
  pBuffer         1    7[COMMON] PTR unsigned char 
		 -> Update2CaliDatabase@tmp(4), 
  i               1    8[COMMON] unsigned char 
 Return value:  Size  Location     Type
                  1    wreg      void 
 Registers used:
		wreg, fsr1l, fsr1h, status,2, status,0, pclath, cstack
 Tracked objects:
		On entry : 
		On exit  : 
		Unchanged: 
 Data sizes:     COMMON   BANK0   BANK1   BANK2
      Params:         3       0       0       0
      Locals:         2       0       0       0
      Temps:          2       0       0       0
      Totals:         7       0       0       0
Total ram usage:        7 bytes
 Hardware stack levels used:    1
 Hardware stack levels required when called:    4
 This function calls:
		_eeprom_write
 This function is called by:
		_Update2CaliDatabase
 This function uses a non-reentrant model


 *************** function _eeprom_write *****************
 Defined at:
		line 6 in file "C:\Program Files (x86)\Microchip\xc8\v1.37\sources\pic\eewrite.c"
 Parameters:    Size  Location     Type
  addr            1    wreg     unsigned char 
  value           1    0[COMMON] unsigned char 
 Auto vars:     Size  Location     Type
  addr            1    1[COMMON] unsigned char 
 Return value:  Size  Location     Type
                  1    wreg      void 
 Registers used:
		wreg, status,2, status,0
 Tracked objects:
		On entry : 
		On exit  : 
		Unchanged: 
 Data sizes:     COMMON   BANK0   BANK1   BANK2
      Params:         1       0       0       0
      Locals:         1       0       0       0
      Temps:          0       0       0       0
      Totals:         2       0       0       0
Total ram usage:        2 bytes
 Hardware stack levels used:    1
 Hardware stack levels required when called:    3
 This function calls:
		Nothing
 This function is called by:
		_EEpromBuffeWirte
		_EraseCaliDatabase
 This function uses a non-reentrant model


 *************** function _ChangeADS1115ValueToResitor *****************
 Defined at:
		line 411 in file "main.c"
 Parameters:    Size  Location     Type
  ADC_value       2   12[COMMON] int 
 Auto vars:     Size  Location     Type
  tmp             4   17[BANK0 ] unsigned long 
 Return value:  Size  Location     Type
                  2   12[COMMON] unsigned int 
 Registers used:
		wreg, status,2, status,0, pclath, cstack
 Tracked objects:
		On entry : 
		On exit  : 
		Unchanged: 
 Data sizes:     COMMON   BANK0   BANK1   BANK2
      Params:         2       0       0       0
      Locals:         0       4       0       0
      Temps:          0       4       0       0
      Totals:         2       8       0       0
Total ram usage:       10 bytes
 Hardware stack levels used:    1
 Hardware stack levels required when called:    4
 This function calls:
		___lldiv
		___lmul
 This function is called by:
		_ADCProcess
 This function uses a non-reentrant model


 *************** function _Cali *****************
 Defined at:
		line 389 in file "main.c"
 Parameters:    Size  Location     Type
  InData          2   12[COMMON] unsigned int 
 Auto vars:     Size  Location     Type
		None
 Return value:  Size  Location     Type
                  2   12[COMMON] unsigned int 
 Registers used:
		wreg, fsr0l, fsr0h, fsr1l, fsr1h, status,2, status,0, pclath, cstack
 Tracked objects:
		On entry : 
		On exit  : 
		Unchanged: 
 Data sizes:     COMMON   BANK0   BANK1   BANK2
      Params:         2       0       0       0
      Locals:         0       0       0       0
      Temps:          0       0       0       0
      Totals:         2       0       0       0
Total ram usage:        2 bytes
 Hardware stack levels used:    1
 Hardware stack levels required when called:    5
 This function calls:
		_LinearLookUpTab
		___lldiv
		___lmul
 This function is called by:
		_ADCProcess
 This function uses a non-reentrant model


 *************** function _LinearLookUpTab *****************
 Defined at:
		line 148 in file "main.c"
 Parameters:    Size  Location     Type
  Tab             1    wreg     PTR struct .
		 -> CaliTab(68), 
  TabSiz          1   13[BANK0 ] unsigned char 
  val             2   14[BANK0 ] unsigned int 
 Auto vars:     Size  Location     Type
  Tab             1   26[BANK0 ] PTR struct .
		 -> CaliTab(68), 
  ret             4   21[BANK0 ] unsigned long 
  i               1   25[BANK0 ] unsigned char 
 Return value:  Size  Location     Type
                  2   13[BANK0 ] unsigned int 
 Registers used:
		wreg, fsr0l, fsr0h, fsr1l, fsr1h, status,2, status,0, pclath, cstack
 Tracked objects:
		On entry : 
		On exit  : 
		Unchanged: 
 Data sizes:     COMMON   BANK0   BANK1   BANK2
      Params:         0       3       0       0
      Locals:         0       6       0       0
      Temps:          0       5       0       0
      Totals:         0      14       0       0
Total ram usage:       14 bytes
 Hardware stack levels used:    1
 Hardware stack levels required when called:    4
 This function calls:
		___lldiv
		___lmul
 This function is called by:
		_Cali
 This function uses a non-reentrant model


 *************** function ___lmul *****************
 Defined at:
		line 15 in file "C:\Program Files (x86)\Microchip\xc8\v1.37\sources\common\Umul32.c"
 Parameters:    Size  Location     Type
  multiplier      4    0[COMMON] unsigned long 
  multiplicand    4    4[COMMON] unsigned long 
 Auto vars:     Size  Location     Type
  product         4    8[COMMON] unsigned long 
 Return value:  Size  Location     Type
                  4    0[COMMON] unsigned long 
 Registers used:
		wreg, status,2, status,0
 Tracked objects:
		On entry : 
		On exit  : 
		Unchanged: 
 Data sizes:     COMMON   BANK0   BANK1   BANK2
      Params:         8       0       0       0
      Locals:         4       0       0       0
      Temps:          0       0       0       0
      Totals:        12       0       0       0
Total ram usage:       12 bytes
 Hardware stack levels used:    1
 Hardware stack levels required when called:    3
 This function calls:
		Nothing
 This function is called by:
		_LinearLookUpTab
		_ConstructCaliTab
		_Cali
		_ChangeADS1115ValueToResitor
 This function uses a non-reentrant model


 *************** function ___lldiv *****************
 Defined at:
		line 6 in file "C:\Program Files (x86)\Microchip\xc8\v1.37\sources\common\lldiv.c"
 Parameters:    Size  Location     Type
  divisor         4    0[BANK0 ] unsigned long 
  dividend        4    4[BANK0 ] unsigned long 
 Auto vars:     Size  Location     Type
  quotient        4    8[BANK0 ] unsigned long 
  counter         1   12[BANK0 ] unsigned char 
 Return value:  Size  Location     Type
                  4    0[BANK0 ] unsigned long 
 Registers used:
		wreg, status,2, status,0
 Tracked objects:
		On entry : 
		On exit  : 
		Unchanged: 
 Data sizes:     COMMON   BANK0   BANK1   BANK2
      Params:         0       8       0       0
      Locals:         0       5       0       0
      Temps:          0       0       0       0
      Totals:         0      13       0       0
Total ram usage:       13 bytes
 Hardware stack levels used:    1
 Hardware stack levels required when called:    3
 This function calls:
		Nothing
 This function is called by:
		_LinearLookUpTab
		_Cali
		_ChangeADS1115ValueToResitor
 This function uses a non-reentrant model


 *************** function _INTERRUPT_InterruptManager *****************
 Defined at:
		line 51 in file "mcc_generated_files/interrupt_manager.c"
 Parameters:    Size  Location     Type
		None
 Auto vars:     Size  Location     Type
		None
 Return value:  Size  Location     Type
                  1    wreg      void 
 Registers used:
		wreg, fsr1l, fsr1h, status,2, status,0, pclath, cstack
 Tracked objects:
		On entry : 
		On exit  : 
		Unchanged: 
 Data sizes:     COMMON   BANK0   BANK1   BANK2
      Params:         0       0       0       0
      Locals:         0       0       0       0
      Temps:          0       0       0       0
      Totals:         0       0       0       0
Total ram usage:        0 bytes
 Hardware stack levels used:    1
 Hardware stack levels required when called:    2
 This function calls:
		_EUSART_Receive_ISR
		_EUSART_Transmit_ISR
		_TMR0_ISR
 This function is called by:
		Interrupt level 1
 This function uses a non-reentrant model


 *************** function _TMR0_ISR *****************
 Defined at:
		line 109 in file "mcc_generated_files/tmr0.c"
 Parameters:    Size  Location     Type
		None
 Auto vars:     Size  Location     Type
		None
 Return value:  Size  Location     Type
                  1    wreg      void 
 Registers used:
		wreg, status,2, status,0, pclath, cstack
 Tracked objects:
		On entry : 
		On exit  : 
		Unchanged: 
 Data sizes:     COMMON   BANK0   BANK1   BANK2
      Params:         0       0       0       0
      Locals:         0       0       0       0
      Temps:          0       0       0       0
      Totals:         0       0       0       0
Total ram usage:        0 bytes
 Hardware stack levels used:    1
 Hardware stack levels required when called:    1
 This function calls:
		Absolute function
		_BaseTimeTickISR
		_TMR0_DefaultInterruptHandler
 This function is called by:
		_INTERRUPT_InterruptManager
 This function uses a non-reentrant model


 *************** function _BaseTimeTickISR *****************
 Defined at:
		line 627 in file "main.c"
 Parameters:    Size  Location     Type
		None
 Auto vars:     Size  Location     Type
		None
 Return value:  Size  Location     Type
                  1    wreg      void 
 Registers used:
		status,2, status,0
 Tracked objects:
		On entry : 
		On exit  : 
		Unchanged: 
 Data sizes:     COMMON   BANK0   BANK1   BANK2
      Params:         0       0       0       0
      Locals:         0       0       0       0
      Temps:          0       0       0       0
      Totals:         0       0       0       0
Total ram usage:        0 bytes
 Hardware stack levels used:    1
 This function calls:
		Nothing
 This function is called by:
		_main
		_TMR0_ISR
 This function uses a non-reentrant model


 *************** function _TMR0_DefaultInterruptHandler *****************
 Defined at:
		line 130 in file "mcc_generated_files/tmr0.c"
 Parameters:    Size  Location     Type
		None
 Auto vars:     Size  Location     Type
		None
 Return value:  Size  Location     Type
                  1    wreg      void 
 Registers used:
		None
 Tracked objects:
		On entry : 
		On exit  : 
		Unchanged: 
 Data sizes:     COMMON   BANK0   BANK1   BANK2
      Params:         0       0       0       0
      Locals:         0       0       0       0
      Temps:          0       0       0       0
      Totals:         0       0       0       0
Total ram usage:        0 bytes
 Hardware stack levels used:    1
 This function calls:
		Nothing
 This function is called by:
		_TMR0_Initialize
		_TMR0_ISR
 This function uses a non-reentrant model


 *************** function _EUSART_Transmit_ISR *****************
 Defined at:
		line 165 in file "mcc_generated_files/eusart.c"
 Parameters:    Size  Location     Type
		None
 Auto vars:     Size  Location     Type
		None
 Return value:  Size  Location     Type
                  1    wreg      void 
 Registers used:
		wreg, fsr1l, fsr1h, status,2, status,0
 Tracked objects:
		On entry : 
		On exit  : 
		Unchanged: 
 Data sizes:     COMMON   BANK0   BANK1   BANK2
      Params:         0       0       0       0
      Locals:         0       0       0       0
      Temps:          0       0       0       0
      Totals:         0       0       0       0
Total ram usage:        0 bytes
 Hardware stack levels used:    1
 This function calls:
		Nothing
 This function is called by:
		_INTERRUPT_InterruptManager
 This function uses a non-reentrant model


 *************** function _EUSART_Receive_ISR *****************
 Defined at:
		line 184 in file "mcc_generated_files/eusart.c"
 Parameters:    Size  Location     Type
		None
 Auto vars:     Size  Location     Type
		None
 Return value:  Size  Location     Type
                  1    wreg      void 
 Registers used:
		wreg, fsr1l, fsr1h, status,2, status,0
 Tracked objects:
		On entry : 
		On exit  : 
		Unchanged: 
 Data sizes:     COMMON   BANK0   BANK1   BANK2
      Params:         0       0       0       0
      Locals:         0       0       0       0
      Temps:          0       0       0       0
      Totals:         0       0       0       0
Total ram usage:        0 bytes
 Hardware stack levels used:    1
 This function calls:
		Nothing
 This function is called by:
		_INTERRUPT_InterruptManager
 This function uses a non-reentrant model



MODULE INFORMATION

Module		Function		Class		Link	Load	Size
C:\Program Files (x86)\Microchip\xc8\v1.37\sources\common\doprnt.c
		_printf        		CODE           	0B8C	0000	212

C:\Program Files (x86)\Microchip\xc8\v1.37\sources\common\doprnt.c estimated size: 212

C:\Program Files (x86)\Microchip\xc8\v1.37\sources\pic\eeread.c
		_eeprom_read   		CODE           	0CA9	0000	19

C:\Program Files (x86)\Microchip\xc8\v1.37\sources\pic\eeread.c estimated size: 19

mcc_generated_files/interrupt_manager.c
		_INTERRUPT_InterruptManager		CODE           	0004	0000	34

mcc_generated_files/interrupt_manager.c estimated size: 34

C:\Program Files (x86)\Microchip\xc8\v1.37\sources\common\Umul16.c
		___wmul        		CODE           	0B77	0000	22

C:\Program Files (x86)\Microchip\xc8\v1.37\sources\common\Umul16.c estimated size: 22

mcc_generated_files/tmr0.c
		_TMR0_SetInterruptHandler		CODE           	0B2B	0000	7
		_TMR0_DefaultInterruptHandler		CODE           	02AC	0000	2
		_TMR0_ISR      		CODE           	028E	0000	15
		_TMR0_Initialize		CODE           	0FEC	0000	16

mcc_generated_files/tmr0.c estimated size: 40

C:\Program Files (x86)\Microchip\xc8\v1.37\sources\common\lwdiv.c
		___lwdiv       		CODE           	0CBB	0000	38

C:\Program Files (x86)\Microchip\xc8\v1.37\sources\common\lwdiv.c estimated size: 38

mcc_generated_files/pin_manager.c
		_PIN_MANAGER_Initialize		CODE           	0E7D	0000	17

mcc_generated_files/pin_manager.c estimated size: 17

C:\Program Files (x86)\Microchip\xc8\v1.37\sources\common\isdigit.c
		_isdigit       		CODE           	0C61	0000	15

C:\Program Files (x86)\Microchip\xc8\v1.37\sources\common\isdigit.c estimated size: 15

C:\Program Files (x86)\Microchip\xc8\v1.37\sources\common\lldiv.c
		___lldiv       		CODE           	09ED	0000	64

C:\Program Files (x86)\Microchip\xc8\v1.37\sources\common\lldiv.c estimated size: 64

C:\Program Files (x86)\Microchip\xc8\v1.37\sources\common\aldiv.c
		___aldiv       		CODE           	0157	0000	109

C:\Program Files (x86)\Microchip\xc8\v1.37\sources\common\aldiv.c estimated size: 109

C:\Program Files (x86)\Microchip\xc8\v1.37\sources\pic\eewrite.c
		_eeprom_write  		CODE           	0D00	0000	29

C:\Program Files (x86)\Microchip\xc8\v1.37\sources\pic\eewrite.c estimated size: 29

C:\Program Files (x86)\Microchip\xc8\v1.37\sources\common\Umul32.c
		___lmul        		CODE           	0975	0000	38

C:\Program Files (x86)\Microchip\xc8\v1.37\sources\common\Umul32.c estimated size: 38

shared
		PL12           		CODE           	0F34	0000	13
		PL8            		CODE           	0F19	0000	15
		PL22           		CODE           	0F5E	0000	6
		PL32           		CODE           	0F7C	0000	9
		PL42           		CODE           	0F97	0000	7
		PL14           		CODE           	0F40	0000	7
		PL24           		CODE           	0F63	0000	6
		PL34           		CODE           	0F84	0000	7
		PL44           		CODE           	01C9	0000	7
		PL16           		CODE           	0F46	0000	7
		PL26           		CODE           	0F68	0000	10
		PL36           		CODE           	0F8A	0000	7
		PL46           		CODE           	0F9D	0000	7
		_dpowers       		STRCODE        	01CF	0000	11
		PL18           		CODE           	0F4C	0000	13
		PL28           		CODE           	0F71	0000	6
		PL38           		CODE           	0F90	0000	8
		__initialization		CODE           	08B5	0000	25
		PL2            		CODE           	0EFA	0000	13
		PL10           		CODE           	0F27	0000	14
		PL4            		CODE           	0F06	0000	10
		PL20           		CODE           	0F58	0000	7
		PL30           		CODE           	0F76	0000	7
		PL6            		CODE           	0F0F	0000	11
		PL40           		CODE           	01C3	0000	7

shared estimated size: 240

mcc_generated_files/mcc.c
		_WDT_Initialize		CODE           	0E8D	0000	4
		_OSCILLATOR_Initialize		CODE           	0E78	0000	6
		_SYSTEM_Initialize		CODE           	0E6F	0000	10

mcc_generated_files/mcc.c estimated size: 20

ads1115.c
		_readRegister  		CODE           	0D68	0000	82
		_ads1015_init  		CODE           	0EF1	0000	10
		_StopRom       		CODE           	0E33	0000	16
		_IIC_Delay     		CODE           	0E30	0000	4
		_IsCharOne     		CODE           	0E57	0000	14
		_readADC_Differential_0_1_part1		CODE           	0FBF	0000	22
		_readADC_Differential_0_1_part2		CODE           	0D1C	0000	34
		_ReceiveFromRom		CODE           	0D3D	0000	44
		_IIC_Delay_Half		CODE           	0E54	0000	4
		_writeRegister 		CODE           	0DB9	0000	65
		_SendToRom     		CODE           	0DF9	0000	56
		_mack          		CODE           	0E64	0000	12
		_StartRom      		CODE           	0E42	0000	19

ads1115.c estimated size: 382

mcc_generated_files/eusart.c
		_putch         		CODE           	0C5F	0000	3
		_EUSART_Read   		CODE           	007D	0000	24
		_EUSART_Write  		CODE           	0FA3	0000	29
		_EUSART_Transmit_ISR		CODE           	0262	0000	23
		_EUSART_Initialize		CODE           	0FD4	0000	25
		_EUSART_Receive_ISR		CODE           	0278	0000	23

mcc_generated_files/eusart.c estimated size: 127

main.c
		_EEpromBuffeWirte		CODE           	0B05	0000	27
		_Update2CaliDatabase		CODE           	0A2C	0000	218
		_UartRecProcess		CODE           	0027	0000	80
		_UartSendProcess		CODE           	0EE0	0000	18
		_LinearLookUpTab		CODE           	0801	0000	181
		_main          		CODE           	08D0	0000	34
		_ChangeADS1115ValueToResitor		CODE           	099A	0000	84
		_ConstructCaliTab		CODE           	0094	0000	196
		_BaseTimeTickISR		CODE           	029C	0000	11
		_Cali          		CODE           	0942	0000	52
		_CaliTabSendProcess		CODE           	0B31	0000	71
		_UartSend      		CODE           	0FFB	0000	6
		_EraseCaliDatabase		CODE           	0B1F	0000	13
		_UartDriverRecBufferClr		CODE           	0076	0000	8
		_ADCProcess    		CODE           	08F1	0000	82
		_UpdateCaliBuf 		CODE           	0C6F	0000	34
		_EEpromBufferRead		CODE           	0C90	0000	26
		_SendDataToMainBoardProcess		CODE           	0E90	0000	81

main.c estimated size: 1222

C:\Program Files (x86)\Microchip\xc8\v1.37\sources\common\lwmod.c
		___lwmod       		CODE           	0CE0	0000	33

C:\Program Files (x86)\Microchip\xc8\v1.37\sources\common\lwmod.c estimated size: 33

